E:\KhoaHoc_TKVM_Acronics\SoC_Xilinx_Spartan6\IP_Core_HamMu_Axi4Lite\implementation\system.ngc 1752606350
E:/KhoaHoc_TKVM_Acronics/SoC_Xilinx_Spartan6/IP_Core_HamMu_Axi4Lite/implementation/system_rs232_uart_1_wrapper.ngc 1752606302
E:/KhoaHoc_TKVM_Acronics/SoC_Xilinx_Spartan6/IP_Core_HamMu_Axi4Lite/implementation/system_proc_sys_reset_0_wrapper.ngc 1752606302
E:/KhoaHoc_TKVM_Acronics/SoC_Xilinx_Spartan6/IP_Core_HamMu_Axi4Lite/implementation/system_clock_generator_0_wrapper.ngc 1752606330
E:/KhoaHoc_TKVM_Acronics/SoC_Xilinx_Spartan6/IP_Core_HamMu_Axi4Lite/implementation/system_microblaze_0_ilmb_wrapper.ngc 1752606302
E:/KhoaHoc_TKVM_Acronics/SoC_Xilinx_Spartan6/IP_Core_HamMu_Axi4Lite/implementation/system_microblaze_0_dlmb_wrapper.ngc 1752606302
E:/KhoaHoc_TKVM_Acronics/SoC_Xilinx_Spartan6/IP_Core_HamMu_Axi4Lite/implementation/system_axi4lite_0_wrapper.ngc 1752606302
E:/KhoaHoc_TKVM_Acronics/SoC_Xilinx_Spartan6/IP_Core_HamMu_Axi4Lite/implementation/system_microblaze_0_wrapper.ngc 1752606302
E:/KhoaHoc_TKVM_Acronics/SoC_Xilinx_Spartan6/IP_Core_HamMu_Axi4Lite/implementation/system_microblaze_0_i_bram_ctrl_wrapper.ngc 1752606302
E:/KhoaHoc_TKVM_Acronics/SoC_Xilinx_Spartan6/IP_Core_HamMu_Axi4Lite/implementation/system_microblaze_0_d_bram_ctrl_wrapper.ngc 1752606302
E:/KhoaHoc_TKVM_Acronics/SoC_Xilinx_Spartan6/IP_Core_HamMu_Axi4Lite/implementation/system_debug_module_wrapper.ngc 1752606302
E:/KhoaHoc_TKVM_Acronics/SoC_Xilinx_Spartan6/IP_Core_HamMu_Axi4Lite/implementation/system_hammu_ip_0_wrapper.ngc 1752606327
E:/KhoaHoc_TKVM_Acronics/SoC_Xilinx_Spartan6/IP_Core_HamMu_Axi4Lite/implementation/system_microblaze_0_bram_block_wrapper.ngc 1752606302
OK
