03:58:33 **** Build of project standalone_bsp_0 ****
make -k all 
libgen -hw ../IP_Core_HamMu_Axi4Lite_hw_platform/system.xml\
	       \
	       -pe microblaze_0 \
	       -log libgen.log \
	       system.mss
libgen
Xilinx EDK 14.7 Build EDK_P.20131013
Copyright (c) 1995-2012 Xilinx, Inc.  All rights reserved.

Command Line: libgen -hw ../IP_Core_HamMu_Axi4Lite_hw_platform/system.xml -pe
microblaze_0 -log libgen.log system.mss 


Staging source files.
Running DRCs.
Running generate.
Running post_generate.
Running include - 'make -s include "COMPILER=mb-gcc" "ARCHIVER=mb-ar"
"COMPILER_FLAGS=-mlittle-endian -mno-xl-soft-mul -mxl-barrel-shift
-mxl-pattern-compare -mcpu=v8.50.c  -O2 -c" "EXTRA_COMPILER_FLAGS=-g
-ffunction-sections -fdata-sections"'.

Running libs - 'make -s libs "COMPILER=mb-gcc" "ARCHIVER=mb-ar"
"COMPILER_FLAGS=-mlittle-endian -mno-xl-soft-mul -mxl-barrel-shift
-mxl-pattern-compare -mcpu=v8.50.c  -O2 -c" "EXTRA_COMPILER_FLAGS=-g
-ffunction-sections -fdata-sections"'.
"Compiling common"
"Compiling standalone";
"Compiling uartlite"
"Compiling bram"
"Compiling cpu"
Running execs_generate.
'Finished building libraries'
03:59:31 **** Build of project hammu_ip_bsp ****
make -k all 
libgen -hw ../IP_Core_HamMu_Axi4Lite_hw_platform/system.xml\
	       \
	       -pe microblaze_0 \
	       -log libgen.log \
	       system.mss
libgen
Xilinx EDK 14.7 Build EDK_P.20131013
Copyright (c) 1995-2012 Xilinx, Inc.  All rights reserved.

Command Line: libgen -hw ../IP_Core_HamMu_Axi4Lite_hw_platform/system.xml -pe
microblaze_0 -log libgen.log system.mss 


Staging source files.
Running DRCs.
Running generate.
Running post_generate.
Running include - 'make -s include "COMPILER=mb-gcc" "ARCHIVER=mb-ar"
"COMPILER_FLAGS=-mlittle-endian -mno-xl-soft-mul -mxl-barrel-shift
-mxl-pattern-compare -mcpu=v8.50.c  -O2 -c" "EXTRA_COMPILER_FLAGS=-g
-ffunction-sections -fdata-sections"'.

Running libs - 'make -s libs "COMPILER=mb-gcc" "ARCHIVER=mb-ar"
"COMPILER_FLAGS=-mlittle-endian -mno-xl-soft-mul -mxl-barrel-shift
-mxl-pattern-compare -mcpu=v8.50.c  -O2 -c" "EXTRA_COMPILER_FLAGS=-g
-ffunction-sections -fdata-sections"'.
"Compiling common"
"Compiling standalone";
"Compiling uartlite"
"Compiling bram"
"Compiling cpu"
Running execs_generate.
'Finished building libraries'

**** Build of configuration Debug for project hammu_ip ****

Nothing to build for project hammu_ip
04:00:23 **** Auto Build of configuration Debug for project hammu_ip ****
make all 
'Building file: ../src/hammu_ip.c'
'Invoking: MicroBlaze gcc compiler'
mb-gcc -Wall -O0 -g3 -c -fmessage-length=0 -I../../hammu_ip_bsp/microblaze_0/include -mlittle-endian -mxl-barrel-shift -mxl-pattern-compare -mcpu=v8.50.c -mno-xl-soft-mul -Wl,--no-relax -ffunction-sections -fdata-sections -MMD -MP -MF"src/hammu_ip.d" -MT"src/hammu_ip.d" -o "src/hammu_ip.o" "../src/hammu_ip.c"
'Finished building: ../src/hammu_ip.c'
' '
'Building target: hammu_ip.elf'
'Invoking: MicroBlaze gcc linker'
mb-gcc -Wl,-T -Wl,../src/lscript.ld -L../../hammu_ip_bsp/microblaze_0/lib -mlittle-endian -mxl-barrel-shift -mxl-pattern-compare -mcpu=v8.50.c -mno-xl-soft-mul -Wl,--no-relax -Wl,--gc-sections -o "hammu_ip.elf"  ./src/hammu_ip.o   -Wl,--start-group,-lxil,-lgcc,-lc,--end-group
d:/xilinx/14.7/ise_ds/edk/gnu/microblaze/nt/bin/../lib/gcc/microblaze-xilinx-elf/4.6.4/../../../../microblaze-xilinx-elf/lib/bs/m/le/crtinit.o: In function `_crtinit':
/wrk/ptx/users/nagaraju/GCC_2013_03/newlib/libgloss/microblaze/crtinit.S:69: undefined reference to `main'
collect2: ld returned 1 exit status
make: *** [hammu_ip.elf] Error 1
04:06:34 **** Auto Build of configuration Debug for project hammu_ip ****
make all 
'Building file: ../src/hammu_ip.c'
'Invoking: MicroBlaze gcc compiler'
mb-gcc -Wall -O0 -g3 -c -fmessage-length=0 -I../../hammu_ip_bsp/microblaze_0/include -mlittle-endian -mxl-barrel-shift -mxl-pattern-compare -mcpu=v8.50.c -mno-xl-soft-mul -Wl,--no-relax -ffunction-sections -fdata-sections -MMD -MP -MF"src/hammu_ip.d" -MT"src/hammu_ip.d" -o "src/hammu_ip.o" "../src/hammu_ip.c"
'Finished building: ../src/hammu_ip.c'
' '
'Building target: hammu_ip.elf'
'Invoking: MicroBlaze gcc linker'
mb-gcc -Wl,-T -Wl,../src/lscript.ld -L../../hammu_ip_bsp/microblaze_0/lib -mlittle-endian -mxl-barrel-shift -mxl-pattern-compare -mcpu=v8.50.c -mno-xl-soft-mul -Wl,--no-relax -Wl,--gc-sections -o "hammu_ip.elf"  ./src/hammu_ip.o   -Wl,--start-group,-lxil,-lgcc,-lc,--end-group
d:/xilinx/14.7/ise_ds/edk/gnu/microblaze/nt/bin/../lib/gcc/microblaze-xilinx-elf/4.6.4/../../../../microblaze-xilinx-elf/lib/bs/m/le/crtinit.o: In function `_crtinit':
/wrk/ptx/users/nagaraju/GCC_2013_03/newlib/libgloss/microblaze/crtinit.S:69: undefined reference to `main'
collect2: ld returned 1 exit status
make: *** [hammu_ip.elf] Error 1
04:07:51 **** Auto Build of configuration Debug for project hammu_ip ****
make all 
'Building file: ../src/hammu_ip.c'
'Invoking: MicroBlaze gcc compiler'
mb-gcc -Wall -O0 -g3 -c -fmessage-length=0 -I../../hammu_ip_bsp/microblaze_0/include -mlittle-endian -mxl-barrel-shift -mxl-pattern-compare -mcpu=v8.50.c -mno-xl-soft-mul -Wl,--no-relax -ffunction-sections -fdata-sections -MMD -MP -MF"src/hammu_ip.d" -MT"src/hammu_ip.d" -o "src/hammu_ip.o" "../src/hammu_ip.c"
../src/hammu_ip.c: In function 'main':
../src/hammu_ip.c:28:1: warning: control reaches end of non-void function [-Wreturn-type]
'Finished building: ../src/hammu_ip.c'
' '
'Building target: hammu_ip.elf'
'Invoking: MicroBlaze gcc linker'
mb-gcc -Wl,-T -Wl,../src/lscript.ld -L../../hammu_ip_bsp/microblaze_0/lib -mlittle-endian -mxl-barrel-shift -mxl-pattern-compare -mcpu=v8.50.c -mno-xl-soft-mul -Wl,--no-relax -Wl,--gc-sections -o "hammu_ip.elf"  ./src/hammu_ip.o   -Wl,--start-group,-lxil,-lgcc,-lc,--end-group
'Finished building target: hammu_ip.elf'
' '
'Invoking: MicroBlaze Print Size'
mb-size hammu_ip.elf  |tee "hammu_ip.elf.size"
   text	   data	    bss	    dec	    hex	filename
   1750	    268	   2084	   4102	   1006	hammu_ip.elf
'Finished building: hammu_ip.elf.size'
' '
'Invoking: Xilinx ELF Check'
elfcheck hammu_ip.elf -hw ../../IP_Core_HamMu_Axi4Lite_hw_platform/system.xml -pe microblaze_0  |tee "hammu_ip.elf.elfcheck"
elfcheck
Xilinx EDK 14.7 Build EDK_P.20131013
Copyright (c) 1995-2012 Xilinx, Inc.  All rights reserved.

Command Line: elfcheck -hw ../../IP_Core_HamMu_Axi4Lite_hw_platform/system.xml
-pe microblaze_0 hammu_ip.elf 

ELF file	: hammu_ip.elf
elfcheck passed.
'Finished building: hammu_ip.elf.elfcheck'
' '
04:08:12 **** Auto Build of configuration Debug for project hammu_ip ****
make all 
'Building file: ../src/hammu_ip.c'
'Invoking: MicroBlaze gcc compiler'
mb-gcc -Wall -O0 -g3 -c -fmessage-length=0 -I../../hammu_ip_bsp/microblaze_0/include -mlittle-endian -mxl-barrel-shift -mxl-pattern-compare -mcpu=v8.50.c -mno-xl-soft-mul -Wl,--no-relax -ffunction-sections -fdata-sections -MMD -MP -MF"src/hammu_ip.d" -MT"src/hammu_ip.d" -o "src/hammu_ip.o" "../src/hammu_ip.c"
'Finished building: ../src/hammu_ip.c'
' '
'Building target: hammu_ip.elf'
'Invoking: MicroBlaze gcc linker'
mb-gcc -Wl,-T -Wl,../src/lscript.ld -L../../hammu_ip_bsp/microblaze_0/lib -mlittle-endian -mxl-barrel-shift -mxl-pattern-compare -mcpu=v8.50.c -mno-xl-soft-mul -Wl,--no-relax -Wl,--gc-sections -o "hammu_ip.elf"  ./src/hammu_ip.o   -Wl,--start-group,-lxil,-lgcc,-lc,--end-group
'Finished building target: hammu_ip.elf'
' '
'Invoking: MicroBlaze Print Size'
mb-size hammu_ip.elf  |tee "hammu_ip.elf.size"
   text	   data	    bss	    dec	    hex	filename
   1754	    268	   2090	   4112	   1010	hammu_ip.elf
'Finished building: hammu_ip.elf.size'
' '
'Invoking: Xilinx ELF Check'
elfcheck hammu_ip.elf -hw ../../IP_Core_HamMu_Axi4Lite_hw_platform/system.xml -pe microblaze_0  |tee "hammu_ip.elf.elfcheck"
elfcheck
Xilinx EDK 14.7 Build EDK_P.20131013
Copyright (c) 1995-2012 Xilinx, Inc.  All rights reserved.

Command Line: elfcheck -hw ../../IP_Core_HamMu_Axi4Lite_hw_platform/system.xml
-pe microblaze_0 hammu_ip.elf 

ELF file	: hammu_ip.elf
elfcheck passed.
'Finished building: hammu_ip.elf.elfcheck'
' '
04:29:11 **** Auto Build of configuration Debug for project hammu_ip ****
make all 
'Building file: ../src/hammu_ip.c'
'Invoking: MicroBlaze gcc compiler'
mb-gcc -Wall -O0 -g3 -c -fmessage-length=0 -I../../hammu_ip_bsp/microblaze_0/include -mlittle-endian -mxl-barrel-shift -mxl-pattern-compare -mcpu=v8.50.c -mno-xl-soft-mul -Wl,--no-relax -ffunction-sections -fdata-sections -MMD -MP -MF"src/hammu_ip.d" -MT"src/hammu_ip.d" -o "src/hammu_ip.o" "../src/hammu_ip.c"
'Finished building: ../src/hammu_ip.c'
' '
'Building target: hammu_ip.elf'
'Invoking: MicroBlaze gcc linker'
mb-gcc -Wl,-T -Wl,../src/lscript.ld -L../../hammu_ip_bsp/microblaze_0/lib -mlittle-endian -mxl-barrel-shift -mxl-pattern-compare -mcpu=v8.50.c -mno-xl-soft-mul -Wl,--no-relax -Wl,--gc-sections -o "hammu_ip.elf"  ./src/hammu_ip.o   -Wl,--start-group,-lxil,-lgcc,-lc,--end-group
d:/xilinx/14.7/ise_ds/edk/gnu/microblaze/nt/bin/../lib/gcc/microblaze-xilinx-elf/4.6.4/../../../../microblaze-xilinx-elf/bin/ld.exe: hammu_ip.elf section `.text' will not fit in region `microblaze_0_i_bram_ctrl_microblaze_0_d_bram_ctrl'
d:/xilinx/14.7/ise_ds/edk/gnu/microblaze/nt/bin/../lib/gcc/microblaze-xilinx-elf/4.6.4/../../../../microblaze-xilinx-elf/bin/ld.exe: region `microblaze_0_i_bram_ctrl_microblaze_0_d_bram_ctrl' overflowed by 19856 bytes
collect2: ld returned 1 exit status
make: *** [hammu_ip.elf] Error 1
04:29:28 **** Clean-only build of configuration Debug for project hammu_ip ****
make clean 
rm -rf  ./src/hammu_ip.o  ./src/hammu_ip.d  hammu_ip.elf.size  hammu_ip.elf.elfcheck  hammu_ip.elf
' '
04:29:28 **** Auto Build of configuration Debug for project hammu_ip ****
make all 
'Building file: ../src/hammu_ip.c'
'Invoking: MicroBlaze gcc compiler'
mb-gcc -Wall -O0 -g3 -c -fmessage-length=0 -I../../hammu_ip_bsp/microblaze_0/include -mlittle-endian -mxl-barrel-shift -mxl-pattern-compare -mcpu=v8.50.c -mno-xl-soft-mul -Wl,--no-relax -ffunction-sections -fdata-sections -MMD -MP -MF"src/hammu_ip.d" -MT"src/hammu_ip.d" -o "src/hammu_ip.o" "../src/hammu_ip.c"
'Finished building: ../src/hammu_ip.c'
' '
'Building target: hammu_ip.elf'
'Invoking: MicroBlaze gcc linker'
mb-gcc -Wl,-T -Wl,../src/lscript.ld -L../../hammu_ip_bsp/microblaze_0/lib -mlittle-endian -mxl-barrel-shift -mxl-pattern-compare -mcpu=v8.50.c -mno-xl-soft-mul -Wl,--no-relax -Wl,--gc-sections -o "hammu_ip.elf"  ./src/hammu_ip.o   -Wl,--start-group,-lxil,-lgcc,-lc,--end-group
d:/xilinx/14.7/ise_ds/edk/gnu/microblaze/nt/bin/../lib/gcc/microblaze-xilinx-elf/4.6.4/../../../../microblaze-xilinx-elf/bin/ld.exe: hammu_ip.elf section `.text' will not fit in region `microblaze_0_i_bram_ctrl_microblaze_0_d_bram_ctrl'
d:/xilinx/14.7/ise_ds/edk/gnu/microblaze/nt/bin/../lib/gcc/microblaze-xilinx-elf/4.6.4/../../../../microblaze-xilinx-elf/bin/ld.exe: region `microblaze_0_i_bram_ctrl_microblaze_0_d_bram_ctrl' overflowed by 18608 bytes
collect2: ld returned 1 exit status
make: *** [hammu_ip.elf] Error 1
04:29:56 **** Clean-only build of configuration Debug for project hammu_ip ****
make clean 
rm -rf  ./src/hammu_ip.o  ./src/hammu_ip.d  hammu_ip.elf.size  hammu_ip.elf.elfcheck  hammu_ip.elf
' '
04:29:56 **** Auto Build of configuration Debug for project hammu_ip ****
make all 
'Building file: ../src/hammu_ip.c'
'Invoking: MicroBlaze gcc compiler'
mb-gcc -Wall -O0 -g3 -c -fmessage-length=0 -I../../hammu_ip_bsp/microblaze_0/include -mlittle-endian -mxl-barrel-shift -mxl-pattern-compare -mcpu=v8.50.c -mno-xl-soft-mul -Wl,--no-relax -ffunction-sections -fdata-sections -MMD -MP -MF"src/hammu_ip.d" -MT"src/hammu_ip.d" -o "src/hammu_ip.o" "../src/hammu_ip.c"
'Finished building: ../src/hammu_ip.c'
' '
'Building target: hammu_ip.elf'
'Invoking: MicroBlaze gcc linker'
mb-gcc -Wl,-T -Wl,../src/lscript.ld -L../../hammu_ip_bsp/microblaze_0/lib -mlittle-endian -mxl-barrel-shift -mxl-pattern-compare -mcpu=v8.50.c -mno-xl-soft-mul -Wl,--no-relax -Wl,--gc-sections -o "hammu_ip.elf"  ./src/hammu_ip.o   -Wl,--start-group,-lxil,-lgcc,-lc,--end-group
d:/xilinx/14.7/ise_ds/edk/gnu/microblaze/nt/bin/../lib/gcc/microblaze-xilinx-elf/4.6.4/../../../../microblaze-xilinx-elf/bin/ld.exe: hammu_ip.elf section `.text' will not fit in region `microblaze_0_i_bram_ctrl_microblaze_0_d_bram_ctrl'
d:/xilinx/14.7/ise_ds/edk/gnu/microblaze/nt/bin/../lib/gcc/microblaze-xilinx-elf/4.6.4/../../../../microblaze-xilinx-elf/bin/ld.exe: region `microblaze_0_i_bram_ctrl_microblaze_0_d_bram_ctrl' overflowed by 18808 bytes
collect2: ld returned 1 exit status
make: *** [hammu_ip.elf] Error 1
04:30:32 **** Auto Build of configuration Debug for project hammu_ip ****
make all 
'Building file: ../src/hammu_ip.c'
'Invoking: MicroBlaze gcc compiler'
mb-gcc -Wall -O0 -g3 -c -fmessage-length=0 -I../../hammu_ip_bsp/microblaze_0/include -mlittle-endian -mxl-barrel-shift -mxl-pattern-compare -mcpu=v8.50.c -mno-xl-soft-mul -Wl,--no-relax -ffunction-sections -fdata-sections -MMD -MP -MF"src/hammu_ip.d" -MT"src/hammu_ip.d" -o "src/hammu_ip.o" "../src/hammu_ip.c"
'Finished building: ../src/hammu_ip.c'
' '
'Building target: hammu_ip.elf'
'Invoking: MicroBlaze gcc linker'
mb-gcc -Wl,-T -Wl,../src/lscript.ld -L../../hammu_ip_bsp/microblaze_0/lib -mlittle-endian -mxl-barrel-shift -mxl-pattern-compare -mcpu=v8.50.c -mno-xl-soft-mul -Wl,--no-relax -Wl,--gc-sections -o "hammu_ip.elf"  ./src/hammu_ip.o   -Wl,--start-group,-lxil,-lgcc,-lc,--end-group
d:/xilinx/14.7/ise_ds/edk/gnu/microblaze/nt/bin/../lib/gcc/microblaze-xilinx-elf/4.6.4/../../../../microblaze-xilinx-elf/bin/ld.exe: hammu_ip.elf section `.text' will not fit in region `microblaze_0_i_bram_ctrl_microblaze_0_d_bram_ctrl'
d:/xilinx/14.7/ise_ds/edk/gnu/microblaze/nt/bin/../lib/gcc/microblaze-xilinx-elf/4.6.4/../../../../microblaze-xilinx-elf/bin/ld.exe: region `microblaze_0_i_bram_ctrl_microblaze_0_d_bram_ctrl' overflowed by 18800 bytes
collect2: ld returned 1 exit status
make: *** [hammu_ip.elf] Error 1
04:30:47 **** Clean-only build of configuration Debug for project hammu_ip ****
make clean 
rm -rf  ./src/hammu_ip.o  ./src/hammu_ip.d  hammu_ip.elf.size  hammu_ip.elf.elfcheck  hammu_ip.elf
' '
04:30:47 **** Auto Build of configuration Debug for project hammu_ip ****
make all 
'Building file: ../src/hammu_ip.c'
'Invoking: MicroBlaze gcc compiler'
mb-gcc -Wall -O0 -g3 -c -fmessage-length=0 -I../../hammu_ip_bsp/microblaze_0/include -mlittle-endian -mxl-barrel-shift -mxl-pattern-compare -mcpu=v8.50.c -mno-xl-soft-mul -Wl,--no-relax -ffunction-sections -fdata-sections -MMD -MP -MF"src/hammu_ip.d" -MT"src/hammu_ip.d" -o "src/hammu_ip.o" "../src/hammu_ip.c"
'Finished building: ../src/hammu_ip.c'
' '
'Building target: hammu_ip.elf'
'Invoking: MicroBlaze gcc linker'
mb-gcc -Wl,-T -Wl,../src/lscript.ld -L../../hammu_ip_bsp/microblaze_0/lib -mlittle-endian -mxl-barrel-shift -mxl-pattern-compare -mcpu=v8.50.c -mno-xl-soft-mul -Wl,--no-relax -Wl,--gc-sections -o "hammu_ip.elf"  ./src/hammu_ip.o   -Wl,--start-group,-lxil,-lgcc,-lc,--end-group
d:/xilinx/14.7/ise_ds/edk/gnu/microblaze/nt/bin/../lib/gcc/microblaze-xilinx-elf/4.6.4/../../../../microblaze-xilinx-elf/bin/ld.exe: hammu_ip.elf section `.text' will not fit in region `microblaze_0_i_bram_ctrl_microblaze_0_d_bram_ctrl'
d:/xilinx/14.7/ise_ds/edk/gnu/microblaze/nt/bin/../lib/gcc/microblaze-xilinx-elf/4.6.4/../../../../microblaze-xilinx-elf/bin/ld.exe: region `microblaze_0_i_bram_ctrl_microblaze_0_d_bram_ctrl' overflowed by 19800 bytes
collect2: ld returned 1 exit status
make: *** [hammu_ip.elf] Error 1
04:39:26 **** Auto Build of configuration Debug for project hammu_ip ****
make all 
'Building file: ../src/hammu_ip.c'
'Invoking: MicroBlaze gcc compiler'
mb-gcc -Wall -O0 -g3 -c -fmessage-length=0 -I../../hammu_ip_bsp/microblaze_0/include -mlittle-endian -mxl-barrel-shift -mxl-pattern-compare -mcpu=v8.50.c -mno-xl-soft-mul -Wl,--no-relax -ffunction-sections -fdata-sections -MMD -MP -MF"src/hammu_ip.d" -MT"src/hammu_ip.d" -o "src/hammu_ip.o" "../src/hammu_ip.c"
'Finished building: ../src/hammu_ip.c'
' '
'Building target: hammu_ip.elf'
'Invoking: MicroBlaze gcc linker'
mb-gcc -Wl,-T -Wl,../src/lscript.ld -L../../hammu_ip_bsp/microblaze_0/lib -mlittle-endian -mxl-barrel-shift -mxl-pattern-compare -mcpu=v8.50.c -mno-xl-soft-mul -Wl,--no-relax -Wl,--gc-sections -o "hammu_ip.elf"  ./src/hammu_ip.o   -Wl,--start-group,-lxil,-lgcc,-lc,--end-group
d:/xilinx/14.7/ise_ds/edk/gnu/microblaze/nt/bin/../lib/gcc/microblaze-xilinx-elf/4.6.4/../../../../microblaze-xilinx-elf/bin/ld.exe: hammu_ip.elf section `.text' will not fit in region `microblaze_0_i_bram_ctrl_microblaze_0_d_bram_ctrl'
d:/xilinx/14.7/ise_ds/edk/gnu/microblaze/nt/bin/../lib/gcc/microblaze-xilinx-elf/4.6.4/../../../../microblaze-xilinx-elf/bin/ld.exe: region `microblaze_0_i_bram_ctrl_microblaze_0_d_bram_ctrl' overflowed by 19720 bytes
collect2: ld returned 1 exit status
make: *** [hammu_ip.elf] Error 1
04:41:12 **** Auto Build of configuration Debug for project hammu_ip ****
make all 
'Building file: ../src/hammu_ip.c'
'Invoking: MicroBlaze gcc compiler'
mb-gcc -Wall -O0 -g3 -c -fmessage-length=0 -I../../hammu_ip_bsp/microblaze_0/include -mlittle-endian -mxl-barrel-shift -mxl-pattern-compare -mcpu=v8.50.c -mno-xl-soft-mul -Wl,--no-relax -ffunction-sections -fdata-sections -MMD -MP -MF"src/hammu_ip.d" -MT"src/hammu_ip.d" -o "src/hammu_ip.o" "../src/hammu_ip.c"
../src/hammu_ip.c: In function 'get_input':
../src/hammu_ip.c:41:9: warning: implicit declaration of function 'scanf' [-Wimplicit-function-declaration]
../src/hammu_ip.c:41:9: warning: incompatible implicit declaration of built-in function 'scanf' [enabled by default]
'Finished building: ../src/hammu_ip.c'
' '
'Building target: hammu_ip.elf'
'Invoking: MicroBlaze gcc linker'
mb-gcc -Wl,-T -Wl,../src/lscript.ld -L../../hammu_ip_bsp/microblaze_0/lib -mlittle-endian -mxl-barrel-shift -mxl-pattern-compare -mcpu=v8.50.c -mno-xl-soft-mul -Wl,--no-relax -Wl,--gc-sections -o "hammu_ip.elf"  ./src/hammu_ip.o   -Wl,--start-group,-lxil,-lgcc,-lc,--end-group
d:/xilinx/14.7/ise_ds/edk/gnu/microblaze/nt/bin/../lib/gcc/microblaze-xilinx-elf/4.6.4/../../../../microblaze-xilinx-elf/bin/ld.exe: hammu_ip.elf section `.text' will not fit in region `microblaze_0_i_bram_ctrl_microblaze_0_d_bram_ctrl'
d:/xilinx/14.7/ise_ds/edk/gnu/microblaze/nt/bin/../lib/gcc/microblaze-xilinx-elf/4.6.4/../../../../microblaze-xilinx-elf/bin/ld.exe: region `microblaze_0_i_bram_ctrl_microblaze_0_d_bram_ctrl' overflowed by 19720 bytes
collect2: ld returned 1 exit status
make: *** [hammu_ip.elf] Error 1
04:47:46 **** Auto Build of configuration Debug for project hammu_ip ****
make all 
'Building file: ../src/hammu_ip.c'
'Invoking: MicroBlaze gcc compiler'
mb-gcc -Wall -O0 -g3 -c -fmessage-length=0 -I../../hammu_ip_bsp/microblaze_0/include -mlittle-endian -mxl-barrel-shift -mxl-pattern-compare -mcpu=v8.50.c -mno-xl-soft-mul -Wl,--no-relax -ffunction-sections -fdata-sections -MMD -MP -MF"src/hammu_ip.d" -MT"src/hammu_ip.d" -o "src/hammu_ip.o" "../src/hammu_ip.c"
'Finished building: ../src/hammu_ip.c'
' '
'Building target: hammu_ip.elf'
'Invoking: MicroBlaze gcc linker'
mb-gcc -Wl,-T -Wl,../src/lscript.ld -L../../hammu_ip_bsp/microblaze_0/lib -mlittle-endian -mxl-barrel-shift -mxl-pattern-compare -mcpu=v8.50.c -mno-xl-soft-mul -Wl,--no-relax -Wl,--gc-sections -o "hammu_ip.elf"  ./src/hammu_ip.o   -Wl,--start-group,-lxil,-lgcc,-lc,--end-group
'Finished building target: hammu_ip.elf'
' '
'Invoking: MicroBlaze Print Size'
mb-size hammu_ip.elf  |tee "hammu_ip.elf.size"
   text	   data	    bss	    dec	    hex	filename
   6590	    272	   2032	   8894	   22be	hammu_ip.elf
'Finished building: hammu_ip.elf.size'
' '
'Invoking: Xilinx ELF Check'
elfcheck hammu_ip.elf -hw ../../IP_Core_HamMu_Axi4Lite_hw_platform/system.xml -pe microblaze_0  |tee "hammu_ip.elf.elfcheck"
elfcheck
Xilinx EDK 14.7 Build EDK_P.20131013
Copyright (c) 1995-2012 Xilinx, Inc.  All rights reserved.

Command Line: elfcheck -hw ../../IP_Core_HamMu_Axi4Lite_hw_platform/system.xml
-pe microblaze_0 hammu_ip.elf 

ELF file	: hammu_ip.elf
elfcheck passed.
'Finished building: hammu_ip.elf.elfcheck'
' '
04:48:22 **** Auto Build of configuration Debug for project hammu_ip ****
make all 
'Building file: ../src/hammu_ip.c'
'Invoking: MicroBlaze gcc compiler'
mb-gcc -Wall -O0 -g3 -c -fmessage-length=0 -I../../hammu_ip_bsp/microblaze_0/include -mlittle-endian -mxl-barrel-shift -mxl-pattern-compare -mcpu=v8.50.c -mno-xl-soft-mul -Wl,--no-relax -ffunction-sections -fdata-sections -MMD -MP -MF"src/hammu_ip.d" -MT"src/hammu_ip.d" -o "src/hammu_ip.o" "../src/hammu_ip.c"
'Finished building: ../src/hammu_ip.c'
' '
'Building target: hammu_ip.elf'
'Invoking: MicroBlaze gcc linker'
mb-gcc -Wl,-T -Wl,../src/lscript.ld -L../../hammu_ip_bsp/microblaze_0/lib -mlittle-endian -mxl-barrel-shift -mxl-pattern-compare -mcpu=v8.50.c -mno-xl-soft-mul -Wl,--no-relax -Wl,--gc-sections -o "hammu_ip.elf"  ./src/hammu_ip.o   -Wl,--start-group,-lxil,-lgcc,-lc,--end-group
'Finished building target: hammu_ip.elf'
' '
'Invoking: MicroBlaze Print Size'
mb-size hammu_ip.elf  |tee "hammu_ip.elf.size"
   text	   data	    bss	    dec	    hex	filename
   6590	    272	   2032	   8894	   22be	hammu_ip.elf
'Finished building: hammu_ip.elf.size'
' '
'Invoking: Xilinx ELF Check'
elfcheck hammu_ip.elf -hw ../../IP_Core_HamMu_Axi4Lite_hw_platform/system.xml -pe microblaze_0  |tee "hammu_ip.elf.elfcheck"
elfcheck
Xilinx EDK 14.7 Build EDK_P.20131013
Copyright (c) 1995-2012 Xilinx, Inc.  All rights reserved.

Command Line: elfcheck -hw ../../IP_Core_HamMu_Axi4Lite_hw_platform/system.xml
-pe microblaze_0 hammu_ip.elf 

ELF file	: hammu_ip.elf
elfcheck passed.
'Finished building: hammu_ip.elf.elfcheck'
' '
18:05:36 **** Auto Build of project hammu_ip_bsp ****
make -k all 
'Finished building libraries'
18:05:36 **** Auto Build of project standalone_bsp_0 ****
make -k all 
'Finished building libraries'
18:06:02 **** Auto Build of project hammu_ip_bsp ****
make -k all 
'Finished building libraries'
18:06:02 **** Auto Build of project standalone_bsp_0 ****
make -k all 
'Finished building libraries'
18:06:25 **** Auto Build of project hammu_ip_bsp ****
make -k all 
'Finished building libraries'
18:06:25 **** Auto Build of project standalone_bsp_0 ****
make -k all 
'Finished building libraries'
18:06:50 **** Auto Build of project hammu_ip_bsp ****
make -k all 
'Finished building libraries'
18:06:50 **** Auto Build of project standalone_bsp_0 ****
make -k all 
'Finished building libraries'
18:07:19 **** Auto Build of project hammu_ip_bsp ****
make -k all 
'Finished building libraries'
18:07:20 **** Auto Build of project standalone_bsp_0 ****
make -k all 
'Finished building libraries'
18:09:44 **** Auto Build of configuration Debug for project hammu_ip ****
make all 
'Building file: ../src/hammu_ip.c'
'Invoking: MicroBlaze gcc compiler'
mb-gcc -Wall -O0 -g3 -c -fmessage-length=0 -I../../hammu_ip_bsp/microblaze_0/include -mlittle-endian -mxl-barrel-shift -mxl-pattern-compare -mcpu=v8.50.c -mno-xl-soft-mul -Wl,--no-relax -ffunction-sections -fdata-sections -MMD -MP -MF"src/hammu_ip.d" -MT"src/hammu_ip.d" -o "src/hammu_ip.o" "../src/hammu_ip.c"
'Finished building: ../src/hammu_ip.c'
' '
'Building target: hammu_ip.elf'
'Invoking: MicroBlaze gcc linker'
mb-gcc -Wl,-T -Wl,../src/lscript.ld -L../../hammu_ip_bsp/microblaze_0/lib -mlittle-endian -mxl-barrel-shift -mxl-pattern-compare -mcpu=v8.50.c -mno-xl-soft-mul -Wl,--no-relax -Wl,--gc-sections -o "hammu_ip.elf"  ./src/hammu_ip.o   -Wl,--start-group,-lxil,-lgcc,-lc,--end-group
'Finished building target: hammu_ip.elf'
' '
'Invoking: MicroBlaze Print Size'
mb-size hammu_ip.elf  |tee "hammu_ip.elf.size"
   text	   data	    bss	    dec	    hex	filename
   6594	    272	   2038	   8904	   22c8	hammu_ip.elf
'Finished building: hammu_ip.elf.size'
' '
'Invoking: Xilinx ELF Check'
elfcheck hammu_ip.elf -hw ../../IP_Core_HamMu_Axi4Lite_hw_platform/system.xml -pe microblaze_0  |tee "hammu_ip.elf.elfcheck"
elfcheck
Xilinx EDK 14.7 Build EDK_P.20131013
Copyright (c) 1995-2012 Xilinx, Inc.  All rights reserved.

Command Line: elfcheck -hw ../../IP_Core_HamMu_Axi4Lite_hw_platform/system.xml
-pe microblaze_0 hammu_ip.elf 

ELF file	: hammu_ip.elf
elfcheck passed.
'Finished building: hammu_ip.elf.elfcheck'
' '
18:11:26 **** Auto Build of project hammu_ip_bsp ****
make -k all 
'Finished building libraries'
18:11:26 **** Auto Build of project standalone_bsp_0 ****
make -k all 
'Finished building libraries'
18:11:38 **** Auto Build of project hammu_ip_bsp ****
make -k all 
'Finished building libraries'
18:11:38 **** Auto Build of project standalone_bsp_0 ****
make -k all 
'Finished building libraries'
18:11:55 **** Auto Build of project hammu_ip_bsp ****
make -k all 
'Finished building libraries'
18:11:56 **** Auto Build of project standalone_bsp_0 ****
make -k all 
'Finished building libraries'
18:12:36 **** Auto Build of project hammu_ip_bsp ****
make -k all 
'Finished building libraries'
18:12:36 **** Auto Build of project standalone_bsp_0 ****
make -k all 
'Finished building libraries'
18:13:08 **** Auto Build of project hammu_ip_bsp ****
make -k all 
'Finished building libraries'
18:13:08 **** Auto Build of project standalone_bsp_0 ****
make -k all 
'Finished building libraries'
18:14:22 **** Auto Build of configuration Debug for project hammu_ip ****
make all 
'Building file: ../src/hammu_ip.c'
'Invoking: MicroBlaze gcc compiler'
mb-gcc -Wall -O0 -g3 -c -fmessage-length=0 -I../../hammu_ip_bsp/microblaze_0/include -mlittle-endian -mxl-barrel-shift -mxl-pattern-compare -mcpu=v8.50.c -mno-xl-soft-mul -Wl,--no-relax -ffunction-sections -fdata-sections -MMD -MP -MF"src/hammu_ip.d" -MT"src/hammu_ip.d" -o "src/hammu_ip.o" "../src/hammu_ip.c"
'Finished building: ../src/hammu_ip.c'
' '
'Building target: hammu_ip.elf'
'Invoking: MicroBlaze gcc linker'
mb-gcc -Wl,-T -Wl,../src/lscript.ld -L../../hammu_ip_bsp/microblaze_0/lib -mlittle-endian -mxl-barrel-shift -mxl-pattern-compare -mcpu=v8.50.c -mno-xl-soft-mul -Wl,--no-relax -Wl,--gc-sections -o "hammu_ip.elf"  ./src/hammu_ip.o   -Wl,--start-group,-lxil,-lgcc,-lc,--end-group
'Finished building target: hammu_ip.elf'
' '
'Invoking: MicroBlaze Print Size'
mb-size hammu_ip.elf  |tee "hammu_ip.elf.size"
   text	   data	    bss	    dec	    hex	filename
   6614	    272	   2032	   8918	   22d6	hammu_ip.elf
'Finished building: hammu_ip.elf.size'
' '
'Invoking: Xilinx ELF Check'
elfcheck hammu_ip.elf -hw ../../IP_Core_HamMu_Axi4Lite_hw_platform/system.xml -pe microblaze_0  |tee "hammu_ip.elf.elfcheck"
elfcheck
Xilinx EDK 14.7 Build EDK_P.20131013
Copyright (c) 1995-2012 Xilinx, Inc.  All rights reserved.

Command Line: elfcheck -hw ../../IP_Core_HamMu_Axi4Lite_hw_platform/system.xml
-pe microblaze_0 hammu_ip.elf 

ELF file	: hammu_ip.elf
elfcheck passed.
'Finished building: hammu_ip.elf.elfcheck'
' '
18:17:20 **** Auto Build of configuration Debug for project hammu_ip ****
make all 
'Building file: ../src/hammu_ip.c'
'Invoking: MicroBlaze gcc compiler'
mb-gcc -Wall -O0 -g3 -c -fmessage-length=0 -I../../hammu_ip_bsp/microblaze_0/include -mlittle-endian -mxl-barrel-shift -mxl-pattern-compare -mcpu=v8.50.c -mno-xl-soft-mul -Wl,--no-relax -ffunction-sections -fdata-sections -MMD -MP -MF"src/hammu_ip.d" -MT"src/hammu_ip.d" -o "src/hammu_ip.o" "../src/hammu_ip.c"
'Finished building: ../src/hammu_ip.c'
' '
'Building target: hammu_ip.elf'
'Invoking: MicroBlaze gcc linker'
mb-gcc -Wl,-T -Wl,../src/lscript.ld -L../../hammu_ip_bsp/microblaze_0/lib -mlittle-endian -mxl-barrel-shift -mxl-pattern-compare -mcpu=v8.50.c -mno-xl-soft-mul -Wl,--no-relax -Wl,--gc-sections -o "hammu_ip.elf"  ./src/hammu_ip.o   -Wl,--start-group,-lxil,-lgcc,-lc,--end-group
'Finished building target: hammu_ip.elf'
' '
'Invoking: MicroBlaze Print Size'
mb-size hammu_ip.elf  |tee "hammu_ip.elf.size"
   text	   data	    bss	    dec	    hex	filename
   6626	    272	   2038	   8936	   22e8	hammu_ip.elf
'Finished building: hammu_ip.elf.size'
' '
'Invoking: Xilinx ELF Check'
elfcheck hammu_ip.elf -hw ../../IP_Core_HamMu_Axi4Lite_hw_platform/system.xml -pe microblaze_0  |tee "hammu_ip.elf.elfcheck"
elfcheck
Xilinx EDK 14.7 Build EDK_P.20131013
Copyright (c) 1995-2012 Xilinx, Inc.  All rights reserved.

Command Line: elfcheck -hw ../../IP_Core_HamMu_Axi4Lite_hw_platform/system.xml
-pe microblaze_0 hammu_ip.elf 

ELF file	: hammu_ip.elf
elfcheck passed.
'Finished building: hammu_ip.elf.elfcheck'
' '
18:21:06 **** Auto Build of configuration Debug for project hammu_ip ****
make all 
'Building file: ../src/hammu_ip.c'
'Invoking: MicroBlaze gcc compiler'
mb-gcc -Wall -O0 -g3 -c -fmessage-length=0 -I../../hammu_ip_bsp/microblaze_0/include -mlittle-endian -mxl-barrel-shift -mxl-pattern-compare -mcpu=v8.50.c -mno-xl-soft-mul -Wl,--no-relax -ffunction-sections -fdata-sections -MMD -MP -MF"src/hammu_ip.d" -MT"src/hammu_ip.d" -o "src/hammu_ip.o" "../src/hammu_ip.c"
'Finished building: ../src/hammu_ip.c'
' '
'Building target: hammu_ip.elf'
'Invoking: MicroBlaze gcc linker'
mb-gcc -Wl,-T -Wl,../src/lscript.ld -L../../hammu_ip_bsp/microblaze_0/lib -mlittle-endian -mxl-barrel-shift -mxl-pattern-compare -mcpu=v8.50.c -mno-xl-soft-mul -Wl,--no-relax -Wl,--gc-sections -o "hammu_ip.elf"  ./src/hammu_ip.o   -Wl,--start-group,-lxil,-lgcc,-lc,--end-group
'Finished building target: hammu_ip.elf'
' '
'Invoking: MicroBlaze Print Size'
mb-size hammu_ip.elf  |tee "hammu_ip.elf.size"
   text	   data	    bss	    dec	    hex	filename
   6626	    272	   2038	   8936	   22e8	hammu_ip.elf
'Finished building: hammu_ip.elf.size'
' '
'Invoking: Xilinx ELF Check'
elfcheck hammu_ip.elf -hw ../../IP_Core_HamMu_Axi4Lite_hw_platform/system.xml -pe microblaze_0  |tee "hammu_ip.elf.elfcheck"
elfcheck
Xilinx EDK 14.7 Build EDK_P.20131013
Copyright (c) 1995-2012 Xilinx, Inc.  All rights reserved.

Command Line: elfcheck -hw ../../IP_Core_HamMu_Axi4Lite_hw_platform/system.xml
-pe microblaze_0 hammu_ip.elf 

ELF file	: hammu_ip.elf
elfcheck passed.
'Finished building: hammu_ip.elf.elfcheck'
' '
18:21:27 **** Auto Build of project hammu_ip_bsp ****
make -k all 
'Finished building libraries'
18:21:27 **** Auto Build of project standalone_bsp_0 ****
make -k all 
'Finished building libraries'
18:22:44 **** Auto Build of configuration Debug for project hammu_ip ****
make all 
'Building file: ../src/hammu_ip.c'
'Invoking: MicroBlaze gcc compiler'
mb-gcc -Wall -O0 -g3 -c -fmessage-length=0 -I../../hammu_ip_bsp/microblaze_0/include -mlittle-endian -mxl-barrel-shift -mxl-pattern-compare -mcpu=v8.50.c -mno-xl-soft-mul -Wl,--no-relax -ffunction-sections -fdata-sections -MMD -MP -MF"src/hammu_ip.d" -MT"src/hammu_ip.d" -o "src/hammu_ip.o" "../src/hammu_ip.c"
'Finished building: ../src/hammu_ip.c'
' '
'Building target: hammu_ip.elf'
'Invoking: MicroBlaze gcc linker'
mb-gcc -Wl,-T -Wl,../src/lscript.ld -L../../hammu_ip_bsp/microblaze_0/lib -mlittle-endian -mxl-barrel-shift -mxl-pattern-compare -mcpu=v8.50.c -mno-xl-soft-mul -Wl,--no-relax -Wl,--gc-sections -o "hammu_ip.elf"  ./src/hammu_ip.o   -Wl,--start-group,-lxil,-lgcc,-lc,--end-group
'Finished building target: hammu_ip.elf'
' '
'Invoking: MicroBlaze Print Size'
mb-size hammu_ip.elf  |tee "hammu_ip.elf.size"
   text	   data	    bss	    dec	    hex	filename
   6626	    272	   2038	   8936	   22e8	hammu_ip.elf
'Finished building: hammu_ip.elf.size'
' '
'Invoking: Xilinx ELF Check'
elfcheck hammu_ip.elf -hw ../../IP_Core_HamMu_Axi4Lite_hw_platform/system.xml -pe microblaze_0  |tee "hammu_ip.elf.elfcheck"
elfcheck
Xilinx EDK 14.7 Build EDK_P.20131013
Copyright (c) 1995-2012 Xilinx, Inc.  All rights reserved.

Command Line: elfcheck -hw ../../IP_Core_HamMu_Axi4Lite_hw_platform/system.xml
-pe microblaze_0 hammu_ip.elf 

ELF file	: hammu_ip.elf
elfcheck passed.
'Finished building: hammu_ip.elf.elfcheck'
' '
18:23:46 **** Auto Build of project hammu_ip_bsp ****
make -k all 
'Finished building libraries'
18:23:46 **** Auto Build of project standalone_bsp_0 ****
make -k all 
'Finished building libraries'
18:24:08 **** Auto Build of project hammu_ip_bsp ****
make -k all 
'Finished building libraries'
18:24:09 **** Auto Build of project standalone_bsp_0 ****
make -k all 
'Finished building libraries'
18:24:32 **** Auto Build of configuration Debug for project hammu_ip ****
make all 
'Building file: ../src/hammu_ip.c'
'Invoking: MicroBlaze gcc compiler'
mb-gcc -Wall -O0 -g3 -c -fmessage-length=0 -I../../hammu_ip_bsp/microblaze_0/include -mlittle-endian -mxl-barrel-shift -mxl-pattern-compare -mcpu=v8.50.c -mno-xl-soft-mul -Wl,--no-relax -ffunction-sections -fdata-sections -MMD -MP -MF"src/hammu_ip.d" -MT"src/hammu_ip.d" -o "src/hammu_ip.o" "../src/hammu_ip.c"
'Finished building: ../src/hammu_ip.c'
' '
'Building target: hammu_ip.elf'
'Invoking: MicroBlaze gcc linker'
mb-gcc -Wl,-T -Wl,../src/lscript.ld -L../../hammu_ip_bsp/microblaze_0/lib -mlittle-endian -mxl-barrel-shift -mxl-pattern-compare -mcpu=v8.50.c -mno-xl-soft-mul -Wl,--no-relax -Wl,--gc-sections -o "hammu_ip.elf"  ./src/hammu_ip.o   -Wl,--start-group,-lxil,-lgcc,-lc,--end-group
'Finished building target: hammu_ip.elf'
' '
'Invoking: MicroBlaze Print Size'
mb-size hammu_ip.elf  |tee "hammu_ip.elf.size"
   text	   data	    bss	    dec	    hex	filename
   6626	    272	   2038	   8936	   22e8	hammu_ip.elf
'Finished building: hammu_ip.elf.size'
' '
'Invoking: Xilinx ELF Check'
elfcheck hammu_ip.elf -hw ../../IP_Core_HamMu_Axi4Lite_hw_platform/system.xml -pe microblaze_0  |tee "hammu_ip.elf.elfcheck"
elfcheck
Xilinx EDK 14.7 Build EDK_P.20131013
Copyright (c) 1995-2012 Xilinx, Inc.  All rights reserved.

Command Line: elfcheck -hw ../../IP_Core_HamMu_Axi4Lite_hw_platform/system.xml
-pe microblaze_0 hammu_ip.elf 

ELF file	: hammu_ip.elf
elfcheck passed.
'Finished building: hammu_ip.elf.elfcheck'
' '
18:24:43 **** Auto Build of project hammu_ip_bsp ****
make -k all 
'Finished building libraries'
18:24:43 **** Auto Build of project standalone_bsp_0 ****
make -k all 
'Finished building libraries'
18:27:00 **** Auto Build of configuration Debug for project hammu_ip ****
make all 
'Building file: ../src/hammu_ip.c'
'Invoking: MicroBlaze gcc compiler'
mb-gcc -Wall -O0 -g3 -c -fmessage-length=0 -I../../hammu_ip_bsp/microblaze_0/include -mlittle-endian -mxl-barrel-shift -mxl-pattern-compare -mcpu=v8.50.c -mno-xl-soft-mul -Wl,--no-relax -ffunction-sections -fdata-sections -MMD -MP -MF"src/hammu_ip.d" -MT"src/hammu_ip.d" -o "src/hammu_ip.o" "../src/hammu_ip.c"
'Finished building: ../src/hammu_ip.c'
' '
'Building target: hammu_ip.elf'
'Invoking: MicroBlaze gcc linker'
mb-gcc -Wl,-T -Wl,../src/lscript.ld -L../../hammu_ip_bsp/microblaze_0/lib -mlittle-endian -mxl-barrel-shift -mxl-pattern-compare -mcpu=v8.50.c -mno-xl-soft-mul -Wl,--no-relax -Wl,--gc-sections -o "hammu_ip.elf"  ./src/hammu_ip.o   -Wl,--start-group,-lxil,-lgcc,-lc,--end-group
'Finished building target: hammu_ip.elf'
' '
'Invoking: MicroBlaze Print Size'
mb-size hammu_ip.elf  |tee "hammu_ip.elf.size"
   text	   data	    bss	    dec	    hex	filename
   6690	    272	   2038	   9000	   2328	hammu_ip.elf
'Finished building: hammu_ip.elf.size'
' '
'Invoking: Xilinx ELF Check'
elfcheck hammu_ip.elf -hw ../../IP_Core_HamMu_Axi4Lite_hw_platform/system.xml -pe microblaze_0  |tee "hammu_ip.elf.elfcheck"
elfcheck
Xilinx EDK 14.7 Build EDK_P.20131013
Copyright (c) 1995-2012 Xilinx, Inc.  All rights reserved.

Command Line: elfcheck -hw ../../IP_Core_HamMu_Axi4Lite_hw_platform/system.xml
-pe microblaze_0 hammu_ip.elf 

ELF file	: hammu_ip.elf
elfcheck passed.
'Finished building: hammu_ip.elf.elfcheck'
' '
18:27:16 **** Auto Build of project hammu_ip_bsp ****
make -k all 
'Finished building libraries'
18:27:16 **** Auto Build of project standalone_bsp_0 ****
make -k all 
'Finished building libraries'
18:28:42 **** Auto Build of configuration Debug for project hammu_ip ****
make all 
'Building file: ../src/hammu_ip.c'
'Invoking: MicroBlaze gcc compiler'
mb-gcc -Wall -O0 -g3 -c -fmessage-length=0 -I../../hammu_ip_bsp/microblaze_0/include -mlittle-endian -mxl-barrel-shift -mxl-pattern-compare -mcpu=v8.50.c -mno-xl-soft-mul -Wl,--no-relax -ffunction-sections -fdata-sections -MMD -MP -MF"src/hammu_ip.d" -MT"src/hammu_ip.d" -o "src/hammu_ip.o" "../src/hammu_ip.c"
'Finished building: ../src/hammu_ip.c'
' '
'Building target: hammu_ip.elf'
'Invoking: MicroBlaze gcc linker'
mb-gcc -Wl,-T -Wl,../src/lscript.ld -L../../hammu_ip_bsp/microblaze_0/lib -mlittle-endian -mxl-barrel-shift -mxl-pattern-compare -mcpu=v8.50.c -mno-xl-soft-mul -Wl,--no-relax -Wl,--gc-sections -o "hammu_ip.elf"  ./src/hammu_ip.o   -Wl,--start-group,-lxil,-lgcc,-lc,--end-group
'Finished building target: hammu_ip.elf'
' '
'Invoking: MicroBlaze Print Size'
mb-size hammu_ip.elf  |tee "hammu_ip.elf.size"
   text	   data	    bss	    dec	    hex	filename
   6694	    272	   2032	   8998	   2326	hammu_ip.elf
'Finished building: hammu_ip.elf.size'
' '
'Invoking: Xilinx ELF Check'
elfcheck hammu_ip.elf -hw ../../IP_Core_HamMu_Axi4Lite_hw_platform/system.xml -pe microblaze_0  |tee "hammu_ip.elf.elfcheck"
elfcheck
Xilinx EDK 14.7 Build EDK_P.20131013
Copyright (c) 1995-2012 Xilinx, Inc.  All rights reserved.

Command Line: elfcheck -hw ../../IP_Core_HamMu_Axi4Lite_hw_platform/system.xml
-pe microblaze_0 hammu_ip.elf 

ELF file	: hammu_ip.elf
elfcheck passed.
'Finished building: hammu_ip.elf.elfcheck'
' '
18:28:52 **** Auto Build of project hammu_ip_bsp ****
make -k all 
'Finished building libraries'
18:28:52 **** Auto Build of project standalone_bsp_0 ****
make -k all 
'Finished building libraries'
18:30:03 **** Auto Build of configuration Debug for project hammu_ip ****
make all 
'Building file: ../src/hammu_ip.c'
'Invoking: MicroBlaze gcc compiler'
mb-gcc -Wall -O0 -g3 -c -fmessage-length=0 -I../../hammu_ip_bsp/microblaze_0/include -mlittle-endian -mxl-barrel-shift -mxl-pattern-compare -mcpu=v8.50.c -mno-xl-soft-mul -Wl,--no-relax -ffunction-sections -fdata-sections -MMD -MP -MF"src/hammu_ip.d" -MT"src/hammu_ip.d" -o "src/hammu_ip.o" "../src/hammu_ip.c"
'Finished building: ../src/hammu_ip.c'
' '
'Building target: hammu_ip.elf'
'Invoking: MicroBlaze gcc linker'
mb-gcc -Wl,-T -Wl,../src/lscript.ld -L../../hammu_ip_bsp/microblaze_0/lib -mlittle-endian -mxl-barrel-shift -mxl-pattern-compare -mcpu=v8.50.c -mno-xl-soft-mul -Wl,--no-relax -Wl,--gc-sections -o "hammu_ip.elf"  ./src/hammu_ip.o   -Wl,--start-group,-lxil,-lgcc,-lc,--end-group
'Finished building target: hammu_ip.elf'
' '
'Invoking: MicroBlaze Print Size'
mb-size hammu_ip.elf  |tee "hammu_ip.elf.size"
   text	   data	    bss	    dec	    hex	filename
   6678	    272	   2032	   8982	   2316	hammu_ip.elf
'Finished building: hammu_ip.elf.size'
' '
'Invoking: Xilinx ELF Check'
elfcheck hammu_ip.elf -hw ../../IP_Core_HamMu_Axi4Lite_hw_platform/system.xml -pe microblaze_0  |tee "hammu_ip.elf.elfcheck"
elfcheck
Xilinx EDK 14.7 Build EDK_P.20131013
Copyright (c) 1995-2012 Xilinx, Inc.  All rights reserved.

Command Line: elfcheck -hw ../../IP_Core_HamMu_Axi4Lite_hw_platform/system.xml
-pe microblaze_0 hammu_ip.elf 

ELF file	: hammu_ip.elf
elfcheck passed.
'Finished building: hammu_ip.elf.elfcheck'
' '
18:30:31 **** Auto Build of project hammu_ip_bsp ****
make -k all 
'Finished building libraries'
18:30:31 **** Auto Build of project standalone_bsp_0 ****
make -k all 
'Finished building libraries'
18:31:14 **** Auto Build of configuration Debug for project hammu_ip ****
make all 
'Building file: ../src/hammu_ip.c'
'Invoking: MicroBlaze gcc compiler'
mb-gcc -Wall -O0 -g3 -c -fmessage-length=0 -I../../hammu_ip_bsp/microblaze_0/include -mlittle-endian -mxl-barrel-shift -mxl-pattern-compare -mcpu=v8.50.c -mno-xl-soft-mul -Wl,--no-relax -ffunction-sections -fdata-sections -MMD -MP -MF"src/hammu_ip.d" -MT"src/hammu_ip.d" -o "src/hammu_ip.o" "../src/hammu_ip.c"
../src/hammu_ip.c: In function 'wait_done_and_get_result':
../src/hammu_ip.c:89:9: warning: unused variable 'done' [-Wunused-variable]
'Finished building: ../src/hammu_ip.c'
' '
'Building target: hammu_ip.elf'
'Invoking: MicroBlaze gcc linker'
mb-gcc -Wl,-T -Wl,../src/lscript.ld -L../../hammu_ip_bsp/microblaze_0/lib -mlittle-endian -mxl-barrel-shift -mxl-pattern-compare -mcpu=v8.50.c -mno-xl-soft-mul -Wl,--no-relax -Wl,--gc-sections -o "hammu_ip.elf"  ./src/hammu_ip.o   -Wl,--start-group,-lxil,-lgcc,-lc,--end-group
'Finished building target: hammu_ip.elf'
' '
'Invoking: MicroBlaze Print Size'
mb-size hammu_ip.elf  |tee "hammu_ip.elf.size"
   text	   data	    bss	    dec	    hex	filename
   6586	    272	   2038	   8896	   22c0	hammu_ip.elf
'Finished building: hammu_ip.elf.size'
' '
'Invoking: Xilinx ELF Check'
elfcheck hammu_ip.elf -hw ../../IP_Core_HamMu_Axi4Lite_hw_platform/system.xml -pe microblaze_0  |tee "hammu_ip.elf.elfcheck"
elfcheck
Xilinx EDK 14.7 Build EDK_P.20131013
Copyright (c) 1995-2012 Xilinx, Inc.  All rights reserved.

Command Line: elfcheck -hw ../../IP_Core_HamMu_Axi4Lite_hw_platform/system.xml
-pe microblaze_0 hammu_ip.elf 

ELF file	: hammu_ip.elf
elfcheck passed.
'Finished building: hammu_ip.elf.elfcheck'
' '
18:31:20 **** Auto Build of configuration Debug for project hammu_ip ****
make all 
'Building file: ../src/hammu_ip.c'
'Invoking: MicroBlaze gcc compiler'
mb-gcc -Wall -O0 -g3 -c -fmessage-length=0 -I../../hammu_ip_bsp/microblaze_0/include -mlittle-endian -mxl-barrel-shift -mxl-pattern-compare -mcpu=v8.50.c -mno-xl-soft-mul -Wl,--no-relax -ffunction-sections -fdata-sections -MMD -MP -MF"src/hammu_ip.d" -MT"src/hammu_ip.d" -o "src/hammu_ip.o" "../src/hammu_ip.c"
'Finished building: ../src/hammu_ip.c'
' '
'Building target: hammu_ip.elf'
'Invoking: MicroBlaze gcc linker'
mb-gcc -Wl,-T -Wl,../src/lscript.ld -L../../hammu_ip_bsp/microblaze_0/lib -mlittle-endian -mxl-barrel-shift -mxl-pattern-compare -mcpu=v8.50.c -mno-xl-soft-mul -Wl,--no-relax -Wl,--gc-sections -o "hammu_ip.elf"  ./src/hammu_ip.o   -Wl,--start-group,-lxil,-lgcc,-lc,--end-group
'Finished building target: hammu_ip.elf'
' '
'Invoking: MicroBlaze Print Size'
mb-size hammu_ip.elf  |tee "hammu_ip.elf.size"
   text	   data	    bss	    dec	    hex	filename
   6586	    272	   2038	   8896	   22c0	hammu_ip.elf
'Finished building: hammu_ip.elf.size'
' '
'Invoking: Xilinx ELF Check'
elfcheck hammu_ip.elf -hw ../../IP_Core_HamMu_Axi4Lite_hw_platform/system.xml -pe microblaze_0  |tee "hammu_ip.elf.elfcheck"
elfcheck
Xilinx EDK 14.7 Build EDK_P.20131013
Copyright (c) 1995-2012 Xilinx, Inc.  All rights reserved.

Command Line: elfcheck -hw ../../IP_Core_HamMu_Axi4Lite_hw_platform/system.xml
-pe microblaze_0 hammu_ip.elf 

ELF file	: hammu_ip.elf
elfcheck passed.
'Finished building: hammu_ip.elf.elfcheck'
' '
18:31:37 **** Auto Build of project hammu_ip_bsp ****
make -k all 
'Finished building libraries'
18:31:37 **** Auto Build of project standalone_bsp_0 ****
make -k all 
'Finished building libraries'
18:35:12 **** Auto Build of configuration Debug for project hammu_ip ****
make all 
'Building file: ../src/hammu_ip.c'
'Invoking: MicroBlaze gcc compiler'
mb-gcc -Wall -O0 -g3 -c -fmessage-length=0 -I../../hammu_ip_bsp/microblaze_0/include -mlittle-endian -mxl-barrel-shift -mxl-pattern-compare -mcpu=v8.50.c -mno-xl-soft-mul -Wl,--no-relax -ffunction-sections -fdata-sections -MMD -MP -MF"src/hammu_ip.d" -MT"src/hammu_ip.d" -o "src/hammu_ip.o" "../src/hammu_ip.c"
'Finished building: ../src/hammu_ip.c'
' '
'Building target: hammu_ip.elf'
'Invoking: MicroBlaze gcc linker'
mb-gcc -Wl,-T -Wl,../src/lscript.ld -L../../hammu_ip_bsp/microblaze_0/lib -mlittle-endian -mxl-barrel-shift -mxl-pattern-compare -mcpu=v8.50.c -mno-xl-soft-mul -Wl,--no-relax -Wl,--gc-sections -o "hammu_ip.elf"  ./src/hammu_ip.o   -Wl,--start-group,-lxil,-lgcc,-lc,--end-group
'Finished building target: hammu_ip.elf'
' '
'Invoking: MicroBlaze Print Size'
mb-size hammu_ip.elf  |tee "hammu_ip.elf.size"
   text	   data	    bss	    dec	    hex	filename
   6658	    272	   2038	   8968	   2308	hammu_ip.elf
'Finished building: hammu_ip.elf.size'
' '
'Invoking: Xilinx ELF Check'
elfcheck hammu_ip.elf -hw ../../IP_Core_HamMu_Axi4Lite_hw_platform/system.xml -pe microblaze_0  |tee "hammu_ip.elf.elfcheck"
elfcheck
Xilinx EDK 14.7 Build EDK_P.20131013
Copyright (c) 1995-2012 Xilinx, Inc.  All rights reserved.

Command Line: elfcheck -hw ../../IP_Core_HamMu_Axi4Lite_hw_platform/system.xml
-pe microblaze_0 hammu_ip.elf 

ELF file	: hammu_ip.elf
elfcheck passed.
'Finished building: hammu_ip.elf.elfcheck'
' '
18:35:27 **** Auto Build of project hammu_ip_bsp ****
make -k all 
'Finished building libraries'
18:35:27 **** Auto Build of project standalone_bsp_0 ****
make -k all 
'Finished building libraries'
18:35:47 **** Auto Build of configuration Debug for project hammu_ip ****
make all 
'Building file: ../src/hammu_ip.c'
'Invoking: MicroBlaze gcc compiler'
mb-gcc -Wall -O0 -g3 -c -fmessage-length=0 -I../../hammu_ip_bsp/microblaze_0/include -mlittle-endian -mxl-barrel-shift -mxl-pattern-compare -mcpu=v8.50.c -mno-xl-soft-mul -Wl,--no-relax -ffunction-sections -fdata-sections -MMD -MP -MF"src/hammu_ip.d" -MT"src/hammu_ip.d" -o "src/hammu_ip.o" "../src/hammu_ip.c"
'Finished building: ../src/hammu_ip.c'
' '
'Building target: hammu_ip.elf'
'Invoking: MicroBlaze gcc linker'
mb-gcc -Wl,-T -Wl,../src/lscript.ld -L../../hammu_ip_bsp/microblaze_0/lib -mlittle-endian -mxl-barrel-shift -mxl-pattern-compare -mcpu=v8.50.c -mno-xl-soft-mul -Wl,--no-relax -Wl,--gc-sections -o "hammu_ip.elf"  ./src/hammu_ip.o   -Wl,--start-group,-lxil,-lgcc,-lc,--end-group
'Finished building target: hammu_ip.elf'
' '
'Invoking: MicroBlaze Print Size'
mb-size hammu_ip.elf  |tee "hammu_ip.elf.size"
   text	   data	    bss	    dec	    hex	filename
   6658	    272	   2038	   8968	   2308	hammu_ip.elf
'Finished building: hammu_ip.elf.size'
' '
'Invoking: Xilinx ELF Check'
elfcheck hammu_ip.elf -hw ../../IP_Core_HamMu_Axi4Lite_hw_platform/system.xml -pe microblaze_0  |tee "hammu_ip.elf.elfcheck"
elfcheck
Xilinx EDK 14.7 Build EDK_P.20131013
Copyright (c) 1995-2012 Xilinx, Inc.  All rights reserved.

Command Line: elfcheck -hw ../../IP_Core_HamMu_Axi4Lite_hw_platform/system.xml
-pe microblaze_0 hammu_ip.elf 

ELF file	: hammu_ip.elf
elfcheck passed.
'Finished building: hammu_ip.elf.elfcheck'
' '
18:35:57 **** Auto Build of project hammu_ip_bsp ****
make -k all 
'Finished building libraries'
18:35:57 **** Auto Build of project standalone_bsp_0 ****
make -k all 
'Finished building libraries'
18:40:25 **** Auto Build of configuration Debug for project hammu_ip ****
make all 
'Building file: ../src/hammu_ip.c'
'Invoking: MicroBlaze gcc compiler'
mb-gcc -Wall -O0 -g3 -c -fmessage-length=0 -I../../hammu_ip_bsp/microblaze_0/include -mlittle-endian -mxl-barrel-shift -mxl-pattern-compare -mcpu=v8.50.c -mno-xl-soft-mul -Wl,--no-relax -ffunction-sections -fdata-sections -MMD -MP -MF"src/hammu_ip.d" -MT"src/hammu_ip.d" -o "src/hammu_ip.o" "../src/hammu_ip.c"
'Finished building: ../src/hammu_ip.c'
' '
'Building target: hammu_ip.elf'
'Invoking: MicroBlaze gcc linker'
mb-gcc -Wl,-T -Wl,../src/lscript.ld -L../../hammu_ip_bsp/microblaze_0/lib -mlittle-endian -mxl-barrel-shift -mxl-pattern-compare -mcpu=v8.50.c -mno-xl-soft-mul -Wl,--no-relax -Wl,--gc-sections -o "hammu_ip.elf"  ./src/hammu_ip.o   -Wl,--start-group,-lxil,-lgcc,-lc,--end-group
'Finished building target: hammu_ip.elf'
' '
'Invoking: MicroBlaze Print Size'
mb-size hammu_ip.elf  |tee "hammu_ip.elf.size"
   text	   data	    bss	    dec	    hex	filename
   6658	    272	   2038	   8968	   2308	hammu_ip.elf
'Finished building: hammu_ip.elf.size'
' '
'Invoking: Xilinx ELF Check'
elfcheck hammu_ip.elf -hw ../../IP_Core_HamMu_Axi4Lite_hw_platform/system.xml -pe microblaze_0  |tee "hammu_ip.elf.elfcheck"
elfcheck
Xilinx EDK 14.7 Build EDK_P.20131013
Copyright (c) 1995-2012 Xilinx, Inc.  All rights reserved.

Command Line: elfcheck -hw ../../IP_Core_HamMu_Axi4Lite_hw_platform/system.xml
-pe microblaze_0 hammu_ip.elf 

ELF file	: hammu_ip.elf
elfcheck passed.
'Finished building: hammu_ip.elf.elfcheck'
' '
19:11:04 **** Auto Build of project hammu_ip_bsp ****
make -k all 
'Finished building libraries'
19:11:05 **** Auto Build of project standalone_bsp_0 ****
make -k all 
'Finished building libraries'
19:11:48 **** Auto Build of project hammu_ip_bsp ****
make -k all 
'Finished building libraries'
19:11:48 **** Auto Build of project standalone_bsp_0 ****
make -k all 
'Finished building libraries'
19:27:24 **** Auto Build of project hammu_ip_bsp ****
make -k all 
'Finished building libraries'
19:27:24 **** Auto Build of project standalone_bsp_0 ****
make -k all 
'Finished building libraries'
19:27:38 **** Auto Build of project hammu_ip_bsp ****
make -k all 
'Finished building libraries'
19:27:38 **** Auto Build of project standalone_bsp_0 ****
make -k all 
'Finished building libraries'
19:29:24 **** Auto Build of configuration Debug for project hammu_ip ****
make all 
'Building file: ../src/hammu_ip.c'
'Invoking: MicroBlaze gcc compiler'
mb-gcc -Wall -O0 -g3 -c -fmessage-length=0 -I../../hammu_ip_bsp/microblaze_0/include -mlittle-endian -mxl-barrel-shift -mxl-pattern-compare -mcpu=v8.50.c -mno-xl-soft-mul -Wl,--no-relax -ffunction-sections -fdata-sections -MMD -MP -MF"src/hammu_ip.d" -MT"src/hammu_ip.d" -o "src/hammu_ip.o" "../src/hammu_ip.c"
'Finished building: ../src/hammu_ip.c'
' '
'Building target: hammu_ip.elf'
'Invoking: MicroBlaze gcc linker'
mb-gcc -Wl,-T -Wl,../src/lscript.ld -L../../hammu_ip_bsp/microblaze_0/lib -mlittle-endian -mxl-barrel-shift -mxl-pattern-compare -mcpu=v8.50.c -mno-xl-soft-mul -Wl,--no-relax -Wl,--gc-sections -o "hammu_ip.elf"  ./src/hammu_ip.o   -Wl,--start-group,-lxil,-lgcc,-lc,--end-group
'Finished building target: hammu_ip.elf'
' '
'Invoking: MicroBlaze Print Size'
mb-size hammu_ip.elf  |tee "hammu_ip.elf.size"
   text	   data	    bss	    dec	    hex	filename
   6734	    272	   2032	   9038	   234e	hammu_ip.elf
'Finished building: hammu_ip.elf.size'
' '
'Invoking: Xilinx ELF Check'
elfcheck hammu_ip.elf -hw ../../IP_Core_HamMu_Axi4Lite_hw_platform/system.xml -pe microblaze_0  |tee "hammu_ip.elf.elfcheck"
elfcheck
Xilinx EDK 14.7 Build EDK_P.20131013
Copyright (c) 1995-2012 Xilinx, Inc.  All rights reserved.

Command Line: elfcheck -hw ../../IP_Core_HamMu_Axi4Lite_hw_platform/system.xml
-pe microblaze_0 hammu_ip.elf 

ELF file	: hammu_ip.elf
elfcheck passed.
'Finished building: hammu_ip.elf.elfcheck'
' '
19:29:44 **** Auto Build of project hammu_ip_bsp ****
make -k all 
'Finished building libraries'
19:29:44 **** Auto Build of project standalone_bsp_0 ****
make -k all 
'Finished building libraries'
19:30:08 **** Auto Build of configuration Debug for project hammu_ip ****
make all 
'Building file: ../src/hammu_ip.c'
'Invoking: MicroBlaze gcc compiler'
mb-gcc -Wall -O0 -g3 -c -fmessage-length=0 -I../../hammu_ip_bsp/microblaze_0/include -mlittle-endian -mxl-barrel-shift -mxl-pattern-compare -mcpu=v8.50.c -mno-xl-soft-mul -Wl,--no-relax -ffunction-sections -fdata-sections -MMD -MP -MF"src/hammu_ip.d" -MT"src/hammu_ip.d" -o "src/hammu_ip.o" "../src/hammu_ip.c"
'Finished building: ../src/hammu_ip.c'
' '
'Building target: hammu_ip.elf'
'Invoking: MicroBlaze gcc linker'
mb-gcc -Wl,-T -Wl,../src/lscript.ld -L../../hammu_ip_bsp/microblaze_0/lib -mlittle-endian -mxl-barrel-shift -mxl-pattern-compare -mcpu=v8.50.c -mno-xl-soft-mul -Wl,--no-relax -Wl,--gc-sections -o "hammu_ip.elf"  ./src/hammu_ip.o   -Wl,--start-group,-lxil,-lgcc,-lc,--end-group
'Finished building target: hammu_ip.elf'
' '
'Invoking: MicroBlaze Print Size'
mb-size hammu_ip.elf  |tee "hammu_ip.elf.size"
   text	   data	    bss	    dec	    hex	filename
   6658	    272	   2038	   8968	   2308	hammu_ip.elf
'Finished building: hammu_ip.elf.size'
' '
'Invoking: Xilinx ELF Check'
elfcheck hammu_ip.elf -hw ../../IP_Core_HamMu_Axi4Lite_hw_platform/system.xml -pe microblaze_0  |tee "hammu_ip.elf.elfcheck"
elfcheck
Xilinx EDK 14.7 Build EDK_P.20131013
Copyright (c) 1995-2012 Xilinx, Inc.  All rights reserved.

Command Line: elfcheck -hw ../../IP_Core_HamMu_Axi4Lite_hw_platform/system.xml
-pe microblaze_0 hammu_ip.elf 

ELF file	: hammu_ip.elf
elfcheck passed.
'Finished building: hammu_ip.elf.elfcheck'
' '
19:30:24 **** Auto Build of project hammu_ip_bsp ****
make -k all 
'Finished building libraries'
19:30:25 **** Auto Build of project standalone_bsp_0 ****
make -k all 
'Finished building libraries'
19:33:43 **** Auto Build of configuration Debug for project hammu_ip ****
make all 
'Building file: ../src/hammu_ip.c'
'Invoking: MicroBlaze gcc compiler'
mb-gcc -Wall -O0 -g3 -c -fmessage-length=0 -I../../hammu_ip_bsp/microblaze_0/include -mlittle-endian -mxl-barrel-shift -mxl-pattern-compare -mcpu=v8.50.c -mno-xl-soft-mul -Wl,--no-relax -ffunction-sections -fdata-sections -MMD -MP -MF"src/hammu_ip.d" -MT"src/hammu_ip.d" -o "src/hammu_ip.o" "../src/hammu_ip.c"
'Finished building: ../src/hammu_ip.c'
' '
'Building target: hammu_ip.elf'
'Invoking: MicroBlaze gcc linker'
mb-gcc -Wl,-T -Wl,../src/lscript.ld -L../../hammu_ip_bsp/microblaze_0/lib -mlittle-endian -mxl-barrel-shift -mxl-pattern-compare -mcpu=v8.50.c -mno-xl-soft-mul -Wl,--no-relax -Wl,--gc-sections -o "hammu_ip.elf"  ./src/hammu_ip.o   -Wl,--start-group,-lxil,-lgcc,-lc,--end-group
'Finished building target: hammu_ip.elf'
' '
'Invoking: MicroBlaze Print Size'
mb-size hammu_ip.elf  |tee "hammu_ip.elf.size"
   text	   data	    bss	    dec	    hex	filename
   6658	    272	   2038	   8968	   2308	hammu_ip.elf
'Finished building: hammu_ip.elf.size'
' '
'Invoking: Xilinx ELF Check'
elfcheck hammu_ip.elf -hw ../../IP_Core_HamMu_Axi4Lite_hw_platform/system.xml -pe microblaze_0  |tee "hammu_ip.elf.elfcheck"
elfcheck
Xilinx EDK 14.7 Build EDK_P.20131013
Copyright (c) 1995-2012 Xilinx, Inc.  All rights reserved.

Command Line: elfcheck -hw ../../IP_Core_HamMu_Axi4Lite_hw_platform/system.xml
-pe microblaze_0 hammu_ip.elf 

ELF file	: hammu_ip.elf
elfcheck passed.
'Finished building: hammu_ip.elf.elfcheck'
' '
19:33:56 **** Auto Build of project hammu_ip_bsp ****
make -k all 
'Finished building libraries'
19:33:56 **** Auto Build of project standalone_bsp_0 ****
make -k all 
'Finished building libraries'
19:36:20 **** Auto Build of configuration Debug for project hammu_ip ****
make all 
'Building file: ../src/hammu_ip.c'
'Invoking: MicroBlaze gcc compiler'
mb-gcc -Wall -O0 -g3 -c -fmessage-length=0 -I../../hammu_ip_bsp/microblaze_0/include -mlittle-endian -mxl-barrel-shift -mxl-pattern-compare -mcpu=v8.50.c -mno-xl-soft-mul -Wl,--no-relax -ffunction-sections -fdata-sections -MMD -MP -MF"src/hammu_ip.d" -MT"src/hammu_ip.d" -o "src/hammu_ip.o" "../src/hammu_ip.c"
'Finished building: ../src/hammu_ip.c'
' '
'Building target: hammu_ip.elf'
'Invoking: MicroBlaze gcc linker'
mb-gcc -Wl,-T -Wl,../src/lscript.ld -L../../hammu_ip_bsp/microblaze_0/lib -mlittle-endian -mxl-barrel-shift -mxl-pattern-compare -mcpu=v8.50.c -mno-xl-soft-mul -Wl,--no-relax -Wl,--gc-sections -o "hammu_ip.elf"  ./src/hammu_ip.o   -Wl,--start-group,-lxil,-lgcc,-lc,--end-group
'Finished building target: hammu_ip.elf'
' '
'Invoking: MicroBlaze Print Size'
mb-size hammu_ip.elf  |tee "hammu_ip.elf.size"
   text	   data	    bss	    dec	    hex	filename
   6662	    272	   2032	   8966	   2306	hammu_ip.elf
'Finished building: hammu_ip.elf.size'
' '
'Invoking: Xilinx ELF Check'
elfcheck hammu_ip.elf -hw ../../IP_Core_HamMu_Axi4Lite_hw_platform/system.xml -pe microblaze_0  |tee "hammu_ip.elf.elfcheck"
elfcheck
Xilinx EDK 14.7 Build EDK_P.20131013
Copyright (c) 1995-2012 Xilinx, Inc.  All rights reserved.

Command Line: elfcheck -hw ../../IP_Core_HamMu_Axi4Lite_hw_platform/system.xml
-pe microblaze_0 hammu_ip.elf 

ELF file	: hammu_ip.elf
elfcheck passed.
'Finished building: hammu_ip.elf.elfcheck'
' '
19:36:34 **** Auto Build of project hammu_ip_bsp ****
make -k all 
'Finished building libraries'
19:36:34 **** Auto Build of project standalone_bsp_0 ****
make -k all 
'Finished building libraries'
19:36:36 **** Auto Build of configuration Debug for project hammu_ip ****
make all 
'Building file: ../src/hammu_ip.c'
'Invoking: MicroBlaze gcc compiler'
mb-gcc -Wall -O0 -g3 -c -fmessage-length=0 -I../../hammu_ip_bsp/microblaze_0/include -mlittle-endian -mxl-barrel-shift -mxl-pattern-compare -mcpu=v8.50.c -mno-xl-soft-mul -Wl,--no-relax -ffunction-sections -fdata-sections -MMD -MP -MF"src/hammu_ip.d" -MT"src/hammu_ip.d" -o "src/hammu_ip.o" "../src/hammu_ip.c"
'Finished building: ../src/hammu_ip.c'
' '
'Building target: hammu_ip.elf'
'Invoking: MicroBlaze gcc linker'
mb-gcc -Wl,-T -Wl,../src/lscript.ld -L../../hammu_ip_bsp/microblaze_0/lib -mlittle-endian -mxl-barrel-shift -mxl-pattern-compare -mcpu=v8.50.c -mno-xl-soft-mul -Wl,--no-relax -Wl,--gc-sections -o "hammu_ip.elf"  ./src/hammu_ip.o   -Wl,--start-group,-lxil,-lgcc,-lc,--end-group
'Finished building target: hammu_ip.elf'
' '
'Invoking: MicroBlaze Print Size'
mb-size hammu_ip.elf  |tee "hammu_ip.elf.size"
   text	   data	    bss	    dec	    hex	filename
   6662	    272	   2032	   8966	   2306	hammu_ip.elf
'Finished building: hammu_ip.elf.size'
' '
'Invoking: Xilinx ELF Check'
elfcheck hammu_ip.elf -hw ../../IP_Core_HamMu_Axi4Lite_hw_platform/system.xml -pe microblaze_0  |tee "hammu_ip.elf.elfcheck"
elfcheck
Xilinx EDK 14.7 Build EDK_P.20131013
Copyright (c) 1995-2012 Xilinx, Inc.  All rights reserved.

Command Line: elfcheck -hw ../../IP_Core_HamMu_Axi4Lite_hw_platform/system.xml
-pe microblaze_0 hammu_ip.elf 

ELF file	: hammu_ip.elf
elfcheck passed.
'Finished building: hammu_ip.elf.elfcheck'
' '
19:36:46 **** Auto Build of project hammu_ip_bsp ****
make -k all 
'Finished building libraries'
19:36:46 **** Auto Build of project standalone_bsp_0 ****
make -k all 
'Finished building libraries'
19:43:53 **** Auto Build of project hammu_ip_bsp ****
make -k all 
'Finished building libraries'
19:43:54 **** Auto Build of project standalone_bsp_0 ****
make -k all 
'Finished building libraries'
19:43:58 **** Auto Build of configuration Debug for project hammu_ip ****
make all 
'Building file: ../src/hammu_ip.c'
'Invoking: MicroBlaze gcc compiler'
mb-gcc -Wall -O0 -g3 -c -fmessage-length=0 -I../../hammu_ip_bsp/microblaze_0/include -mlittle-endian -mxl-barrel-shift -mxl-pattern-compare -mcpu=v8.50.c -mno-xl-soft-mul -Wl,--no-relax -ffunction-sections -fdata-sections -MMD -MP -MF"src/hammu_ip.d" -MT"src/hammu_ip.d" -o "src/hammu_ip.o" "../src/hammu_ip.c"
'Finished building: ../src/hammu_ip.c'
' '
'Building target: hammu_ip.elf'
'Invoking: MicroBlaze gcc linker'
mb-gcc -Wl,-T -Wl,../src/lscript.ld -L../../hammu_ip_bsp/microblaze_0/lib -mlittle-endian -mxl-barrel-shift -mxl-pattern-compare -mcpu=v8.50.c -mno-xl-soft-mul -Wl,--no-relax -Wl,--gc-sections -o "hammu_ip.elf"  ./src/hammu_ip.o   -Wl,--start-group,-lxil,-lgcc,-lc,--end-group
'Finished building target: hammu_ip.elf'
' '
'Invoking: MicroBlaze Print Size'
mb-size hammu_ip.elf  |tee "hammu_ip.elf.size"
   text	   data	    bss	    dec	    hex	filename
   6658	    272	   2038	   8968	   2308	hammu_ip.elf
'Finished building: hammu_ip.elf.size'
' '
'Invoking: Xilinx ELF Check'
elfcheck hammu_ip.elf -hw ../../IP_Core_HamMu_Axi4Lite_hw_platform/system.xml -pe microblaze_0  |tee "hammu_ip.elf.elfcheck"
elfcheck
Xilinx EDK 14.7 Build EDK_P.20131013
Copyright (c) 1995-2012 Xilinx, Inc.  All rights reserved.

Command Line: elfcheck -hw ../../IP_Core_HamMu_Axi4Lite_hw_platform/system.xml
-pe microblaze_0 hammu_ip.elf 

ELF file	: hammu_ip.elf
elfcheck passed.
'Finished building: hammu_ip.elf.elfcheck'
' '
19:44:20 **** Auto Build of project hammu_ip_bsp ****
make -k all 
'Finished building libraries'
19:44:20 **** Auto Build of project standalone_bsp_0 ****
make -k all 
'Finished building libraries'
19:50:03 **** Auto Build of project hammu_ip_bsp ****
make -k all 
'Finished building libraries'
19:50:04 **** Auto Build of project standalone_bsp_0 ****
make -k all 
'Finished building libraries'
02:12:36 **** Auto Build of project hammu_ip_bsp ****
make -k all 
'Finished building libraries'
02:12:37 **** Auto Build of project standalone_bsp_0 ****
make -k all 
'Finished building libraries'
